
> radhey-raman-steels@0.1.0 build
> next build

   Γû▓ Next.js 15.5.13
   - Environments: .env.local

   Creating an optimized production build ...
 Γ£ô Compiled successfully in 4.0s
   Linting and checking validity of types ...
   Collecting page data ...
   Generating static pages (0/20) ...
   Generating static pages (5/20) 
   Generating static pages (10/20) 
   Generating static pages (15/20) 
 Γ£ô Generating static pages (20/20)
   Finalizing page optimization ...
   Collecting build traces ...

Route (app)                                 Size  First Load JS
Γöî Γùï /                                    5.38 kB         169 kB
Γö£ Γùï /_not-found                            996 B         103 kB
Γö£ Γùï /about                               1.93 kB         166 kB
Γö£ Γùï /admin                               1.34 kB         141 kB
Γö£ Γùï /admin/dashboard                     3.59 kB         138 kB
Γö£ ╞Æ /api/admin/login                       162 B         102 kB
Γö£ ╞Æ /api/admin/settings                    162 B         102 kB
Γö£ ╞Æ /api/contacts                          162 B         102 kB
Γö£ ╞Æ /api/products                          162 B         102 kB
Γö£ ╞Æ /api/products/[id]                     162 B         102 kB
Γö£ ╞Æ /api/timeline                          162 B         102 kB
Γö£ ╞Æ /api/timeline/[id]                     162 B         102 kB
Γö£ Γùï /contact                             2.54 kB         167 kB
Γö£ Γùï /demo                                1.16 kB         165 kB
Γö£ Γùï /products                             2.9 kB         167 kB
Γö£ ╞Æ /products/category/[category]        1.55 kB         166 kB
Γö£ Γùï /quote                               2.35 kB         166 kB
Γö£ Γùï /robots.txt                            162 B         102 kB
Γö£ Γùï /services                             1.7 kB         166 kB
Γö£ Γùï /sitemap.xml                           162 B         102 kB
Γöö Γùï /testimonials                        2.75 kB         167 kB
+ First Load JS shared by all             102 kB
  Γö£ chunks/255-3991756713d22f05.js         46 kB
  Γö£ chunks/4bd1b696-c023c6e3521b1417.js  54.2 kB
  Γöö other shared chunks (total)          1.99 kB


Γùï  (Static)   prerendered as static content
╞Æ  (Dynamic)  server-rendered on demand

